../Core/Src/main.c:85:5:main	8	static
../Core/Src/main.c:136:6:SystemClock_Config	88	static
../Core/Src/main.c:183:13:MX_ADC1_Init	24	static
../Core/Src/main.c:230:13:MX_I2C2_Init	8	static
../Core/Src/main.c:264:13:MX_TIM2_Init	64	static
../Core/Src/main.c:335:13:MX_TIM3_Init	64	static
../Core/Src/main.c:406:13:MX_TIM4_Init	64	static
../Core/Src/main.c:477:13:MX_USART1_UART_Init	8	static
../Core/Src/main.c:508:13:MX_DMA_Init	16	static
../Core/Src/main.c:529:13:MX_GPIO_Init	40	static
../Core/Src/main.c:576:6:HAL_TIM_PeriodElapsedCallback	16	static
../Core/Src/main.c:593:6:Error_Handler	4	static,ignoring_inline_asm
